Archive member included to satisfy reference by file (symbol)

C:\Users\n21dc\OneDrive\Tài liệu\SDK_1.0.3_NUCLEO-F401RE\lib_stm\libLibraries.a(system_stm32f4xx.o)
                              ./Src/Interrupt_Bai2.o (SystemCoreClockUpdate)
C:\Users\n21dc\OneDrive\Tài liệu\SDK_1.0.3_NUCLEO-F401RE\lib_stm\libLibraries.a(misc.o)
                              ./Src/Interrupt_Bai2.o (NVIC_Init)
C:\Users\n21dc\OneDrive\Tài liệu\SDK_1.0.3_NUCLEO-F401RE\lib_stm\libLibraries.a(stm32f401re_exti.o)
                              ./Src/Interrupt_Bai2.o (EXTI_Init)
C:\Users\n21dc\OneDrive\Tài liệu\SDK_1.0.3_NUCLEO-F401RE\lib_stm\libLibraries.a(stm32f401re_gpio.o)
                              ./Src/Interrupt_Bai2.o (GPIO_Init)
C:\Users\n21dc\OneDrive\Tài liệu\SDK_1.0.3_NUCLEO-F401RE\lib_stm\libLibraries.a(stm32f401re_rcc.o)
                              ./Src/Interrupt_Bai2.o (RCC_AHB1PeriphClockCmd)
C:\Users\n21dc\OneDrive\Tài liệu\SDK_1.0.3_NUCLEO-F401RE\lib_stm\libLibraries.a(stm32f401re_syscfg.o)
                              ./Src/Interrupt_Bai2.o (SYSCFG_EXTILineConfig)
C:/ST/STM32CubeIDE_1.18.0/STM32CubeIDE/plugins/com.st.stm32cube.ide.mcu.externaltools.gnu-tools-for-stm32.13.3.rel1.win32_1.0.0.202411081344/tools/bin/../lib/gcc/arm-none-eabi/13.3.1/../../../../arm-none-eabi/lib/thumb/v7e-m+fp/hard\libc_nano.a(libc_a-exit.o)
                              C:/ST/STM32CubeIDE_1.18.0/STM32CubeIDE/plugins/com.st.stm32cube.ide.mcu.externaltools.gnu-tools-for-stm32.13.3.rel1.win32_1.0.0.202411081344/tools/bin/../lib/gcc/arm-none-eabi/13.3.1/../../../../arm-none-eabi/lib/thumb/v7e-m+fp/hard/crt0.o (exit)
C:/ST/STM32CubeIDE_1.18.0/STM32CubeIDE/plugins/com.st.stm32cube.ide.mcu.externaltools.gnu-tools-for-stm32.13.3.rel1.win32_1.0.0.202411081344/tools/bin/../lib/gcc/arm-none-eabi/13.3.1/../../../../arm-none-eabi/lib/thumb/v7e-m+fp/hard\libc_nano.a(libc_a-findfp.o)
                              C:/ST/STM32CubeIDE_1.18.0/STM32CubeIDE/plugins/com.st.stm32cube.ide.mcu.externaltools.gnu-tools-for-stm32.13.3.rel1.win32_1.0.0.202411081344/tools/bin/../lib/gcc/arm-none-eabi/13.3.1/../../../../arm-none-eabi/lib/thumb/v7e-m+fp/hard\libc_nano.a(libc_a-exit.o) (__stdio_exit_handler)
C:/ST/STM32CubeIDE_1.18.0/STM32CubeIDE/plugins/com.st.stm32cube.ide.mcu.externaltools.gnu-tools-for-stm32.13.3.rel1.win32_1.0.0.202411081344/tools/bin/../lib/gcc/arm-none-eabi/13.3.1/../../../../arm-none-eabi/lib/thumb/v7e-m+fp/hard\libc_nano.a(libc_a-fwalk.o)
                              C:/ST/STM32CubeIDE_1.18.0/STM32CubeIDE/plugins/com.st.stm32cube.ide.mcu.externaltools.gnu-tools-for-stm32.13.3.rel1.win32_1.0.0.202411081344/tools/bin/../lib/gcc/arm-none-eabi/13.3.1/../../../../arm-none-eabi/lib/thumb/v7e-m+fp/hard\libc_nano.a(libc_a-findfp.o) (_fwalk_sglue)
C:/ST/STM32CubeIDE_1.18.0/STM32CubeIDE/plugins/com.st.stm32cube.ide.mcu.externaltools.gnu-tools-for-stm32.13.3.rel1.win32_1.0.0.202411081344/tools/bin/../lib/gcc/arm-none-eabi/13.3.1/../../../../arm-none-eabi/lib/thumb/v7e-m+fp/hard\libc_nano.a(libc_a-stdio.o)
                              C:/ST/STM32CubeIDE_1.18.0/STM32CubeIDE/plugins/com.st.stm32cube.ide.mcu.externaltools.gnu-tools-for-stm32.13.3.rel1.win32_1.0.0.202411081344/tools/bin/../lib/gcc/arm-none-eabi/13.3.1/../../../../arm-none-eabi/lib/thumb/v7e-m+fp/hard\libc_nano.a(libc_a-findfp.o) (__sread)
C:/ST/STM32CubeIDE_1.18.0/STM32CubeIDE/plugins/com.st.stm32cube.ide.mcu.externaltools.gnu-tools-for-stm32.13.3.rel1.win32_1.0.0.202411081344/tools/bin/../lib/gcc/arm-none-eabi/13.3.1/../../../../arm-none-eabi/lib/thumb/v7e-m+fp/hard\libc_nano.a(libc_a-memset.o)
                              C:/ST/STM32CubeIDE_1.18.0/STM32CubeIDE/plugins/com.st.stm32cube.ide.mcu.externaltools.gnu-tools-for-stm32.13.3.rel1.win32_1.0.0.202411081344/tools/bin/../lib/gcc/arm-none-eabi/13.3.1/../../../../arm-none-eabi/lib/thumb/v7e-m+fp/hard/crt0.o (memset)
C:/ST/STM32CubeIDE_1.18.0/STM32CubeIDE/plugins/com.st.stm32cube.ide.mcu.externaltools.gnu-tools-for-stm32.13.3.rel1.win32_1.0.0.202411081344/tools/bin/../lib/gcc/arm-none-eabi/13.3.1/../../../../arm-none-eabi/lib/thumb/v7e-m+fp/hard\libc_nano.a(libc_a-closer.o)
                              C:/ST/STM32CubeIDE_1.18.0/STM32CubeIDE/plugins/com.st.stm32cube.ide.mcu.externaltools.gnu-tools-for-stm32.13.3.rel1.win32_1.0.0.202411081344/tools/bin/../lib/gcc/arm-none-eabi/13.3.1/../../../../arm-none-eabi/lib/thumb/v7e-m+fp/hard\libc_nano.a(libc_a-stdio.o) (_close_r)
C:/ST/STM32CubeIDE_1.18.0/STM32CubeIDE/plugins/com.st.stm32cube.ide.mcu.externaltools.gnu-tools-for-stm32.13.3.rel1.win32_1.0.0.202411081344/tools/bin/../lib/gcc/arm-none-eabi/13.3.1/../../../../arm-none-eabi/lib/thumb/v7e-m+fp/hard\libc_nano.a(libc_a-reent.o)
[...]
Memory Configuration

Name             Origin             Length             Attributes
RAM              0x20000000         0x00018000         xrw
FLASH            0x08000000         0x00080000         xr
*default*        0x00000000         0xffffffff

Linker script and memory map

LOAD C:/ST/STM32CubeIDE_1.18.0/STM32CubeIDE/plugins/com.st.stm32cube.ide.mcu.externaltools.gnu-tools-for-stm32.13.3.rel1.win32_1.0.0.202411081344/tools/bin/../lib/gcc/arm-none-eabi/13.3.1/thumb/v7e-m+fp/hard/crti.o
LOAD C:/ST/STM32CubeIDE_1.18.0/STM32CubeIDE/plugins/com.st.stm32cube.ide.mcu.externaltools.gnu-tools-for-stm32.13.3.rel1.win32_1.0.0.202411081344/tools/bin/../lib/gcc/arm-none-eabi/13.3.1/thumb/v7e-m+fp/hard/crtbegin.o
LOAD C:/ST/STM32CubeIDE_1.18.0/STM32CubeIDE/plugins/com.st.stm32cube.ide.mcu.externaltools.gnu-tools-for-stm32.13.3.rel1.win32_1.0.0.202411081344/tools/bin/../lib/gcc/arm-none-eabi/13.3.1/../../../../arm-none-eabi/lib/thumb/v7e-m+fp/hard/crt0.o
LOAD ./Src/Interrupt_Bai2.o
LOAD ./Src/syscalls.o
LOAD ./Src/sysmem.o
LOAD ./Startup/startup_stm32f401retx.o
START GROUP
LOAD C:\Users\n21dc\OneDrive\Tài liệu\SDK_1.0.3_NUCLEO-F401RE\lib_stm\libLibraries.a
END GROUP
START GROUP
LOAD C:/ST/STM32CubeIDE_1.18.0/STM32CubeIDE/plugins/com.st.stm32cube.ide.mcu.externaltools.gnu-tools-for-stm32.13.3.rel1.win32_1.0.0.202411081344/tools/bin/../lib/gcc/arm-none-eabi/13.3.1/../../../../arm-none-eabi/lib/thumb/v7e-m+fp/hard\libc_nano.a
LOAD C:/ST/STM32CubeIDE_1.18.0/STM32CubeIDE/plugins/com.st.stm32cube.ide.mcu.externaltools.gnu-tools-for-stm32.13.3.rel1.win32_1.0.0.202411081344/tools/bin/../lib/gcc/arm-none-eabi/13.3.1/../../../../arm-none-eabi/lib/thumb/v7e-m+fp/hard\libm.a
END GROUP
START GROUP
LOAD C:/ST/STM32CubeIDE_1.18.0/STM32CubeIDE/plugins/com.st.stm32cube.ide.mcu.externaltools.gnu-tools-for-stm32.13.3.rel1.win32_1.0.0.202411081344/tools/bin/../lib/gcc/arm-none-eabi/13.3.1/thumb/v7e-m+fp/hard\libgcc.a
LOAD C:/ST/STM32CubeIDE_1.18.0/STM32CubeIDE/plugins/com.st.stm32cube.ide.mcu.externaltools.gnu-tools-for-stm32.13.3.rel1.win32_1.0.0.202411081344/tools/bin/../lib/gcc/arm-none-eabi/13.3.1/../../../../arm-none-eabi/lib/thumb/v7e-m+fp/hard\libc_nano.a
END GROUP
START GROUP
LOAD C:/ST/STM32CubeIDE_1.18.0/STM32CubeIDE/plugins/com.st.stm32cube.ide.mcu.externaltools.gnu-tools-for-stm32.13.3.rel1.win32_1.0.0.202411081344/tools/bin/../lib/gcc/arm-none-eabi/13.3.1/thumb/v7e-m+fp/hard\libgcc.a
LOAD C:/ST/STM32CubeIDE_1.18.0/STM32CubeIDE/plugins/com.st.stm32cube.ide.mcu.externaltools.gnu-tools-for-stm32.13.3.rel1.win32_1.0.0.202411081344/tools/bin/../lib/gcc/arm-none-eabi/13.3.1/../../../../arm-none-eabi/lib/thumb/v7e-m+fp/hard\libc_nano.a
LOAD C:/ST/STM32CubeIDE_1.18.0/STM32CubeIDE/plugins/com.st.stm32cube.ide.mcu.externaltools.gnu-tools-for-stm32.13.3.rel1.win32_1.0.0.202411081344/tools/bin/../lib/gcc/arm-none-eabi/13.3.1/../../../../arm-none-eabi/lib/thumb/v7e-m+fp/hard\libnosys.a
END GROUP
START GROUP
LOAD C:/ST/STM32CubeIDE_1.18.0/STM32CubeIDE/plugins/com.st.stm32cube.ide.mcu.externaltools.gnu-tools-for-stm32.13.3.rel1.win32_1.0.0.202411081344/tools/bin/../lib/gcc/arm-none-eabi/13.3.1/thumb/v7e-m+fp/hard\libgcc.a
LOAD C:/ST/STM32CubeIDE_1.18.0/STM32CubeIDE/plugins/com.st.stm32cube.ide.mcu.externaltools.gnu-tools-for-stm32.13.3.rel1.win32_1.0.0.202411081344/tools/bin/../lib/gcc/arm-none-eabi/13.3.1/../../../../arm-none-eabi/lib/thumb/v7e-m+fp/hard\libc_nano.a
LOAD C:/ST/STM32CubeIDE_1.18.0/STM32CubeIDE/plugins/com.st.stm32cube.ide.mcu.externaltools.gnu-tools-for-stm32.13.3.rel1.win32_1.0.0.202411081344/tools/bin/../lib/gcc/arm-none-eabi/13.3.1/../../../../arm-none-eabi/lib/thumb/v7e-m+fp/hard\libnosys.a
END GROUP
LOAD C:/ST/STM32CubeIDE_1.18.0/STM32CubeIDE/plugins/com.st.stm32cube.ide.mcu.externaltools.gnu-tools-for-stm32.13.3.rel1.win32_1.0.0.202411081344/tools/bin/../lib/gcc/arm-none-eabi/13.3.1/thumb/v7e-m+fp/hard/crtend.o
LOAD C:/ST/STM32CubeIDE_1.18.0/STM32CubeIDE/plugins/com.st.stm32cube.ide.mcu.externaltools.gnu-tools-for-stm32.13.3.rel1.win32_1.0.0.202411081344/tools/bin/../lib/gcc/arm-none-eabi/13.3.1/thumb/v7e-m+fp/hard/crtn.o
                0x20018000                        _estack = (ORIGIN (RAM) + LENGTH (RAM))
                0x00000200                        _Min_Heap_Size = 0x200
                0x00000400                        _Min_Stack_Size = 0x400

.isr_vector     0x08000000      0x194
                0x08000000                        . = ALIGN (0x4)
 *(.isr_vector)
 .isr_vector    0x08000000      0x194 ./Startup/startup_stm32f401retx.o
                0x08000000                g_pfnVectors
                0x08000194                        . = ALIGN (0x4)

.text           0x08000194      0x898
                0x08000194                        . = ALIGN (0x4)
 *(.text)
 .text          0x08000194       0x40 C:/ST/STM32CubeIDE_1.18.0/STM32CubeIDE/plugins/com.st.stm32cube.ide.mcu.externaltools.gnu-tools-for-stm32.13.3.rel1.win32_1.0.0.202411081344/tools/bin/../lib/gcc/arm-none-eabi/13.3.1/thumb/v7e-m+fp/hard/crtbegin.o
 *(.text*)
 .text.EXTI3_IRQHandler
                0x080001d4       0x34 ./Src/Interrupt_Bai2.o
                0x080001d4                EXTI3_IRQHandler
 .text.main     0x08000208       0x3c ./Src/Interrupt_Bai2.o
                0x08000208                main
 .text.Led_Init
                0x08000244       0x38 ./Src/Interrupt_Bai2.o
 .text.Interrupt_Init
                0x0800027c       0x7c ./Src/Interrupt_Bai2.o
 .text.delay    0x080002f8       0x2c ./Src/Interrupt_Bai2.o
 .text.LedControl_Status
                0x08000324       0x34 ./Src/Interrupt_Bai2.o
 .text.Reset_Handler
                0x08000358       0x50 ./Startup/startup_stm32f401retx.o
                0x08000358                Reset_Handler
 .text.Default_Handler
                0x080003a8        0x2 ./Startup/startup_stm32f401retx.o
                0x080003a8                EXTI2_IRQHandler
                0x080003a8                DebugMon_Handler
                0x080003a8                SPI4_IRQHandler
                0x080003a8                TIM1_CC_IRQHandler
                0x080003a8                DMA2_Stream5_IRQHandler
                0x080003a8                HardFault_Handler
                0x080003a8                DMA1_Stream5_IRQHandler
                0x080003a8                SysTick_Handler
                0x080003a8                SDIO_IRQHandler
                0x080003a8                TAMP_STAMP_IRQHandler
                0x080003a8                PendSV_Handler
                0x080003a8                NMI_Handler
                0x080003a8                TIM1_UP_TIM10_IRQHandler
                0x080003a8                I2C3_ER_IRQHandler
                0x080003a8                EXTI18_OTG_FS_WKUP_IRQHandler
                0x080003a8                EXTI0_IRQHandler
                0x080003a8                I2C2_EV_IRQHandler
                0x080003a8                DMA1_Stream2_IRQHandler
                0x080003a8                UsageFault_Handler
                0x080003a8                DMA2_Stream2_IRQHandler
                0x080003a8                SPI1_IRQHandler
                0x080003a8                TIM1_BRK_TIM9_IRQHandler
                0x080003a8                DMA2_Stream3_IRQHandler
                0x080003a8                USART6_IRQHandler
                0x080003a8                DMA2_Stream0_IRQHandler
                0x080003a8                TIM4_IRQHandler
                0x080003a8                I2C1_EV_IRQHandler
                0x080003a8                DMA1_Stream6_IRQHandler
                0x080003a8                DMA1_Stream1_IRQHandler
                0x080003a8                TIM3_IRQHandler
                0x080003a8                RCC_IRQHandler
                0x080003a8                Default_Handler
                0x080003a8                EXTI15_10_IRQHandler
                0x080003a8                ADC_IRQHandler
                0x080003a8                DMA1_Stream7_IRQHandler
                0x080003a8                TIM5_IRQHandler
                0x080003a8                DMA2_Stream7_IRQHandler
                0x080003a8                I2C3_EV_IRQHandler
                0x080003a8                EXTI9_5_IRQHandler
                0x080003a8                SPI2_IRQHandler
                0x080003a8                MemManage_Handler
                0x080003a8                DMA1_Stream0_IRQHandler
                0x080003a8                SVC_Handler
                0x080003a8                EXTI4_IRQHandler
                0x080003a8                EXTI22_RTC_WKUP_IRQHandler
                0x080003a8                TIM2_IRQHandler
                0x080003a8                EXTI16_PVD_IRQHandler
                0x080003a8                TIM1_TRG_COM_TIM11_IRQHandler
                0x080003a8                EXTI1_IRQHandler
                0x080003a8                EXTI17_RTC_Alarm_IRQHandler
                0x080003a8                USART2_IRQHandler
                0x080003a8                I2C2_ER_IRQHandler
                0x080003a8                DMA2_Stream1_IRQHandler
                0x080003a8                FLASH_IRQHandler
                0x080003a8                DMA2_Stream4_IRQHandler
                0x080003a8                BusFault_Handler
                0x080003a8                USART1_IRQHandler
                0x080003a8                OTG_FS_IRQHandler
                0x080003a8                SPI3_IRQHandler
                0x080003a8                DMA1_Stream4_IRQHandler
                0x080003a8                I2C1_ER_IRQHandler
                0x080003a8                DMA2_Stream6_IRQHandler
                0x080003a8                DMA1_Stream3_IRQHandler
 *fill*         0x080003aa        0x2 
 .text.SystemInit
                0x080003ac       0x6c C:\Users\n21dc\OneDrive\Tài liệu\SDK_1.0.3_NUCLEO-F401RE\lib_stm\libLibraries.a(system_stm32f4xx.o)
                0x080003ac                SystemInit
 .text.SystemCoreClockUpdate
                0x08000418       0xf8 C:\Users\n21dc\OneDrive\Tài liệu\SDK_1.0.3_NUCLEO-F401RE\lib_stm\libLibraries.a(system_stm32f4xx.o)
                0x08000418                SystemCoreClockUpdate
 .text.SetSysClock
                0x08000510       0xa0 C:\Users\n21dc\OneDrive\Tài liệu\SDK_1.0.3_NUCLEO-F401RE\lib_stm\libLibraries.a(system_stm32f4xx.o)
 .text.NVIC_Init
                0x080005b0       0xc4 C:\Users\n21dc\OneDrive\Tài liệu\SDK_1.0.3_NUCLEO-F401RE\lib_stm\libLibraries.a(misc.o)
                0x080005b0                NVIC_Init
 .text.EXTI_Init
                0x08000674       0xe4 C:\Users\n21dc\OneDrive\Tài liệu\SDK_1.0.3_NUCLEO-F401RE\lib_stm\libLibraries.a(stm32f401re_exti.o)
                0x08000674                EXTI_Init
 .text.EXTI_GetFlagStatus
                0x08000758       0x34 C:\Users\n21dc\OneDrive\Tài liệu\SDK_1.0.3_NUCLEO-F401RE\lib_stm\libLibraries.a(stm32f401re_exti.o)
                0x08000758                EXTI_GetFlagStatus
 .text.EXTI_ClearITPendingBit
                0x0800078c       0x20 C:\Users\n21dc\OneDrive\Tài liệu\SDK_1.0.3_NUCLEO-F401RE\lib_stm\libLibraries.a(stm32f401re_exti.o)
                0x0800078c                EXTI_ClearITPendingBit
 .text.GPIO_Init
                0x080007ac      0x11c C:\Users\n21dc\OneDrive\Tài liệu\SDK_1.0.3_NUCLEO-F401RE\lib_stm\libLibraries.a(stm32f401re_gpio.o)
                0x080007ac                GPIO_Init
 .text.RCC_AHB1PeriphClockCmd
                0x080008c8       0x40 C:\Users\n21dc\OneDrive\Tài liệu\SDK_1.0.3_NUCLEO-F401RE\lib_stm\libLibraries.a(stm32f401re_rcc.o)
                0x080008c8                RCC_AHB1PeriphClockCmd
 .text.RCC_APB2PeriphClockCmd
                0x08000908       0x40 C:\Users\n21dc\OneDrive\Tài liệu\SDK_1.0.3_NUCLEO-F401RE\lib_stm\libLibraries.a(stm32f401re_rcc.o)
                0x08000908                RCC_APB2PeriphClockCmd
 .text.SYSCFG_EXTILineConfig
                0x08000948       0x84 C:\Users\n21dc\OneDrive\Tài liệu\SDK_1.0.3_NUCLEO-F401RE\lib_stm\libLibraries.a(stm32f401re_syscfg.o)
                0x08000948                SYSCFG_EXTILineConfig
 .text.__libc_init_array
                0x080009cc       0x48 C:/ST/STM32CubeIDE_1.18.0/STM32CubeIDE/plugins/com.st.stm32cube.ide.mcu.externaltools.gnu-tools-for-stm32.13.3.rel1.win32_1.0.0.202411081344/tools/bin/../lib/gcc/arm-none-eabi/13.3.1/../../../../arm-none-eabi/lib/thumb/v7e-m+fp/hard\libc_nano.a(libc_a-init.o)
                0x080009cc                __libc_init_array
 *(.glue_7)
 .glue_7        0x08000a14        0x0 linker stubs
 *(.glue_7t)
 .glue_7t       0x08000a14        0x0 linker stubs
 *(.eh_frame)
 .eh_frame      0x08000a14        0x0 C:/ST/STM32CubeIDE_1.18.0/STM32CubeIDE/plugins/com.st.stm32cube.ide.mcu.externaltools.gnu-tools-for-stm32.13.3.rel1.win32_1.0.0.202411081344/tools/bin/../lib/gcc/arm-none-eabi/13.3.1/thumb/v7e-m+fp/hard/crtbegin.o
 *(.init)
 .init          0x08000a14        0x4 C:/ST/STM32CubeIDE_1.18.0/STM32CubeIDE/plugins/com.st.stm32cube.ide.mcu.externaltools.gnu-tools-for-stm32.13.3.rel1.win32_1.0.0.202411081344/tools/bin/../lib/gcc/arm-none-eabi/13.3.1/thumb/v7e-m+fp/hard/crti.o
                0x08000a14                _init
 .init          0x08000a18        0x8 C:/ST/STM32CubeIDE_1.18.0/STM32CubeIDE/plugins/com.st.stm32cube.ide.mcu.externaltools.gnu-tools-for-stm32.13.3.rel1.win32_1.0.0.202411081344/tools/bin/../lib/gcc/arm-none-eabi/13.3.1/thumb/v7e-m+fp/hard/crtn.o
 *(.fini)
 .fini          0x08000a20        0x4 C:/ST/STM32CubeIDE_1.18.0/STM32CubeIDE/plugins/com.st.stm32cube.ide.mcu.externaltools.gnu-tools-for-stm32.13.3.rel1.win32_1.0.0.202411081344/tools/bin/../lib/gcc/arm-none-eabi/13.3.1/thumb/v7e-m+fp/hard/crti.o
                0x08000a20                _fini
 .fini          0x08000a24        0x8 C:/ST/STM32CubeIDE_1.18.0/STM32CubeIDE/plugins/com.st.stm32cube.ide.mcu.externaltools.gnu-tools-for-stm32.13.3.rel1.win32_1.0.0.202411081344/tools/bin/../lib/gcc/arm-none-eabi/13.3.1/thumb/v7e-m+fp/hard/crtn.o
                0x08000a2c                        . = ALIGN (0x4)
                0x08000a2c                        _etext = .

.vfp11_veneer   0x08000a2c        0x0
 .vfp11_veneer  0x08000a2c        0x0 linker stubs

.v4_bx          0x08000a2c        0x0
 .v4_bx         0x08000a2c        0x0 linker stubs

.iplt           0x08000a2c        0x0
 .iplt          0x08000a2c        0x0 C:/ST/STM32CubeIDE_1.18.0/STM32CubeIDE/plugins/com.st.stm32cube.ide.mcu.externaltools.gnu-tools-for-stm32.13.3.rel1.win32_1.0.0.202411081344/tools/bin/../lib/gcc/arm-none-eabi/13.3.1/thumb/v7e-m+fp/hard/crtbegin.o

.rodata         0x08000a2c        0x0
                0x08000a2c                        . = ALIGN (0x4)
 *(.rodata)
 *(.rodata*)
                0x08000a2c                        . = ALIGN (0x4)

.ARM.extab      0x08000a2c        0x0
                0x08000a2c                        . = ALIGN (0x4)
 *(.ARM.extab* .gnu.linkonce.armextab.*)
                0x08000a2c                        . = ALIGN (0x4)

.ARM            0x08000a2c        0x0
                0x08000a2c                        . = ALIGN (0x4)
                0x08000a2c                        __exidx_start = .
 *(.ARM.exidx*)
                0x08000a2c                        __exidx_end = .
                0x08000a2c                        . = ALIGN (0x4)

.preinit_array  0x08000a2c        0x0
                0x08000a2c                        . = ALIGN (0x4)
                0x08000a2c                        PROVIDE (__preinit_array_start = .)
 *(.preinit_array*)
                0x08000a2c                        PROVIDE (__preinit_array_end = .)
                0x08000a2c                        . = ALIGN (0x4)

.init_array     0x08000a2c        0x4
                0x08000a2c                        . = ALIGN (0x4)
                0x08000a2c                        PROVIDE (__init_array_start = .)
 *(SORT_BY_NAME(.init_array.*))
 *(.init_array*)
 .init_array    0x08000a2c        0x4 C:/ST/STM32CubeIDE_1.18.0/STM32CubeIDE/plugins/com.st.stm32cube.ide.mcu.externaltools.gnu-tools-for-stm32.13.3.rel1.win32_1.0.0.202411081344/tools/bin/../lib/gcc/arm-none-eabi/13.3.1/thumb/v7e-m+fp/hard/crtbegin.o
                0x08000a30                        PROVIDE (__init_array_end = .)
                0x08000a30                        . = ALIGN (0x4)

.fini_array     0x08000a30        0x4
                0x08000a30                        . = ALIGN (0x4)
                [!provide]                        PROVIDE (__fini_array_start = .)
 *(SORT_BY_NAME(.fini_array.*))
 *(.fini_array*)
 .fini_array    0x08000a30        0x4 C:/ST/STM32CubeIDE_1.18.0/STM32CubeIDE/plugins/com.st.stm32cube.ide.mcu.externaltools.gnu-tools-for-stm32.13.3.rel1.win32_1.0.0.202411081344/tools/bin/../lib/gcc/arm-none-eabi/13.3.1/thumb/v7e-m+fp/hard/crtbegin.o
                [!provide]                        PROVIDE (__fini_array_end = .)
                0x08000a34                        . = ALIGN (0x4)
                0x08000a34                        _sidata = LOADADDR (.data)

.rel.dyn        0x08000a34        0x0
 .rel.iplt      0x08000a34        0x0 C:/ST/STM32CubeIDE_1.18.0/STM32CubeIDE/plugins/com.st.stm32cube.ide.mcu.externaltools.gnu-tools-for-stm32.13.3.rel1.win32_1.0.0.202411081344/tools/bin/../lib/gcc/arm-none-eabi/13.3.1/thumb/v7e-m+fp/hard/crtbegin.o

.data           0x20000000       0x14 load address 0x08000a34
                0x20000000                        . = ALIGN (0x4)
                0x20000000                        _sdata = .
 *(.data)
 *(.data*)
 .data.SystemCoreClock
                0x20000000        0x4 C:\Users\n21dc\OneDrive\Tài liệu\SDK_1.0.3_NUCLEO-F401RE\lib_stm\libLibraries.a(system_stm32f4xx.o)
                0x20000000                SystemCoreClock
 .data.AHBPrescTable
                0x20000004       0x10 C:\Users\n21dc\OneDrive\Tài liệu\SDK_1.0.3_NUCLEO-F401RE\lib_stm\libLibraries.a(system_stm32f4xx.o)
                0x20000004                AHBPrescTable
 *(.RamFunc)
 *(.RamFunc*)
                0x20000014                        . = ALIGN (0x4)
                0x20000014                        _edata = .

.igot.plt       0x20000014        0x0 load address 0x08000a48
 .igot.plt      0x20000014        0x0 C:/ST/STM32CubeIDE_1.18.0/STM32CubeIDE/plugins/com.st.stm32cube.ide.mcu.externaltools.gnu-tools-for-stm32.13.3.rel1.win32_1.0.0.202411081344/tools/bin/../lib/gcc/arm-none-eabi/13.3.1/thumb/v7e-m+fp/hard/crtbegin.o
                0x20000014                        . = ALIGN (0x4)

.bss            0x20000014       0x20 load address 0x08000a48
                0x20000014                        _sbss = .
                0x20000014                        __bss_start__ = _sbss
 *(.bss)
 .bss           0x20000014       0x1c C:/ST/STM32CubeIDE_1.18.0/STM32CubeIDE/plugins/com.st.stm32cube.ide.mcu.externaltools.gnu-tools-for-stm32.13.3.rel1.win32_1.0.0.202411081344/tools/bin/../lib/gcc/arm-none-eabi/13.3.1/thumb/v7e-m+fp/hard/crtbegin.o
 *(.bss*)
 .bss.Status    0x20000030        0x1 ./Src/Interrupt_Bai2.o
                0x20000030                Status
 *(COMMON)
                0x20000034                        . = ALIGN (0x4)
 *fill*         0x20000031        0x3 
                0x20000034                        _ebss = .
                0x20000034                        __bss_end__ = _ebss

._user_heap_stack
                0x20000034      0x604 load address 0x08000a48
                0x20000038                        . = ALIGN (0x8)
 *fill*         0x20000034        0x4 
                [!provide]                        PROVIDE (end = .)
                0x20000038                        PROVIDE (_end = .)
                0x20000238                        . = (. + _Min_Heap_Size)
 *fill*         0x20000038      0x200 
                0x20000638                        . = (. + _Min_Stack_Size)
 *fill*         0x20000238      0x400 
                0x20000638                        . = ALIGN (0x8)

/DISCARD/
 libc.a(*)
 libm.a(*)
 libgcc.a(*)

.ARM.attributes
                0x00000000       0x30
 *(.ARM.attributes)
 .ARM.attributes
                0x00000000       0x22 C:/ST/STM32CubeIDE_1.18.0/STM32CubeIDE/plugins/com.st.stm32cube.ide.mcu.externaltools.gnu-tools-for-stm32.13.3.rel1.win32_1.0.0.202411081344/tools/bin/../lib/gcc/arm-none-eabi/13.3.1/thumb/v7e-m+fp/hard/crti.o
 .ARM.attributes
                0x00000022       0x34 C:/ST/STM32CubeIDE_1.18.0/STM32CubeIDE/plugins/com.st.stm32cube.ide.mcu.externaltools.gnu-tools-for-stm32.13.3.rel1.win32_1.0.0.202411081344/tools/bin/../lib/gcc/arm-none-eabi/13.3.1/thumb/v7e-m+fp/hard/crtbegin.o
 .ARM.attributes
                0x00000056       0x34 ./Src/Interrupt_Bai2.o
 .ARM.attributes
                0x0000008a       0x21 ./Startup/startup_stm32f401retx.o
 .ARM.attributes
                0x000000ab       0x39 C:\Users\n21dc\OneDrive\Tài liệu\SDK_1.0.3_NUCLEO-F401RE\lib_stm\libLibraries.a(system_stm32f4xx.o)
 .ARM.attributes
                0x000000e4       0x39 C:\Users\n21dc\OneDrive\Tài liệu\SDK_1.0.3_NUCLEO-F401RE\lib_stm\libLibraries.a(misc.o)
 .ARM.attributes
                0x0000011d       0x39 C:\Users\n21dc\OneDrive\Tài liệu\SDK_1.0.3_NUCLEO-F401RE\lib_stm\libLibraries.a(stm32f401re_exti.o)
 .ARM.attributes
                0x00000156       0x39 C:\Users\n21dc\OneDrive\Tài liệu\SDK_1.0.3_NUCLEO-F401RE\lib_stm\libLibraries.a(stm32f401re_gpio.o)
 .ARM.attributes
                0x0000018f       0x39 C:\Users\n21dc\OneDrive\Tài liệu\SDK_1.0.3_NUCLEO-F401RE\lib_stm\libLibraries.a(stm32f401re_rcc.o)
 .ARM.attributes
                0x000001c8       0x39 C:\Users\n21dc\OneDrive\Tài liệu\SDK_1.0.3_NUCLEO-F401RE\lib_stm\libLibraries.a(stm32f401re_syscfg.o)
 .ARM.attributes
                0x00000201       0x34 C:/ST/STM32CubeIDE_1.18.0/STM32CubeIDE/plugins/com.st.stm32cube.ide.mcu.externaltools.gnu-tools-for-stm32.13.3.rel1.win32_1.0.0.202411081344/tools/bin/../lib/gcc/arm-none-eabi/13.3.1/../../../../arm-none-eabi/lib/thumb/v7e-m+fp/hard\libc_nano.a(libc_a-init.o)
 .ARM.attributes
                0x00000235       0x22 C:/ST/STM32CubeIDE_1.18.0/STM32CubeIDE/plugins/com.st.stm32cube.ide.mcu.externaltools.gnu-tools-for-stm32.13.3.rel1.win32_1.0.0.202411081344/tools/bin/../lib/gcc/arm-none-eabi/13.3.1/thumb/v7e-m+fp/hard/crtn.o
OUTPUT(Nhom1_Days2.elf elf32-littlearm)
LOAD linker stubs
LOAD C:/ST/STM32CubeIDE_1.18.0/STM32CubeIDE/plugins/com.st.stm32cube.ide.mcu.externaltools.gnu-tools-for-stm32.13.3.rel1.win32_1.0.0.202411081344/tools/bin/../lib/gcc/arm-none-eabi/13.3.1/../../../../arm-none-eabi/lib/thumb/v7e-m+fp/hard\libc.a
LOAD C:/ST/STM32CubeIDE_1.18.0/STM32CubeIDE/plugins/com.st.stm32cube.ide.mcu.externaltools.gnu-tools-for-stm32.13.3.rel1.win32_1.0.0.202411081344/tools/bin/../lib/gcc/arm-none-eabi/13.3.1/../../../../arm-none-eabi/lib/thumb/v7e-m+fp/hard\libm.a
LOAD C:/ST/STM32CubeIDE_1.18.0/STM32CubeIDE/plugins/com.st.stm32cube.ide.mcu.externaltools.gnu-tools-for-stm32.13.3.rel1.win32_1.0.0.202411081344/tools/bin/../lib/gcc/arm-none-eabi/13.3.1/thumb/v7e-m+fp/hard\libgcc.a

.debug_info     0x00000000     0x2ba8
 .debug_info    0x00000000      0x6eb ./Src/Interrupt_Bai2.o
 .debug_info    0x000006eb       0x30 ./Startup/startup_stm32f401retx.o
 .debug_info    0x0000071b      0x5bb C:\Users\n21dc\OneDrive\Tài liệu\SDK_1.0.3_NUCLEO-F401RE\lib_stm\libLibraries.a(system_stm32f4xx.o)
 .debug_info    0x00000cd6      0x54b C:\Users\n21dc\OneDrive\Tài liệu\SDK_1.0.3_NUCLEO-F401RE\lib_stm\libLibraries.a(misc.o)
 .debug_info    0x00001221      0x358 C:\Users\n21dc\OneDrive\Tài liệu\SDK_1.0.3_NUCLEO-F401RE\lib_stm\libLibraries.a(stm32f401re_exti.o)
 .debug_info    0x00001579      0x62b C:\Users\n21dc\OneDrive\Tài liệu\SDK_1.0.3_NUCLEO-F401RE\lib_stm\libLibraries.a(stm32f401re_gpio.o)
 .debug_info    0x00001ba4      0xd5e C:\Users\n21dc\OneDrive\Tài liệu\SDK_1.0.3_NUCLEO-F401RE\lib_stm\libLibraries.a(stm32f401re_rcc.o)
 .debug_info    0x00002902      0x2a6 C:\Users\n21dc\OneDrive\Tài liệu\SDK_1.0.3_NUCLEO-F401RE\lib_stm\libLibraries.a(stm32f401re_syscfg.o)

.debug_abbrev   0x00000000      0xbad
 .debug_abbrev  0x00000000      0x239 ./Src/Interrupt_Bai2.o
 .debug_abbrev  0x00000239       0x24 ./Startup/startup_stm32f401retx.o
 .debug_abbrev  0x0000025d      0x138 C:\Users\n21dc\OneDrive\Tài liệu\SDK_1.0.3_NUCLEO-F401RE\lib_stm\libLibraries.a(system_stm32f4xx.o)
 .debug_abbrev  0x00000395      0x177 C:\Users\n21dc\OneDrive\Tài liệu\SDK_1.0.3_NUCLEO-F401RE\lib_stm\libLibraries.a(misc.o)
 .debug_abbrev  0x0000050c      0x1c3 C:\Users\n21dc\OneDrive\Tài liệu\SDK_1.0.3_NUCLEO-F401RE\lib_stm\libLibraries.a(stm32f401re_exti.o)
 .debug_abbrev  0x000006cf      0x1bf C:\Users\n21dc\OneDrive\Tài liệu\SDK_1.0.3_NUCLEO-F401RE\lib_stm\libLibraries.a(stm32f401re_gpio.o)
 .debug_abbrev  0x0000088e      0x1d4 C:\Users\n21dc\OneDrive\Tài liệu\SDK_1.0.3_NUCLEO-F401RE\lib_stm\libLibraries.a(stm32f401re_rcc.o)
 .debug_abbrev  0x00000a62      0x14b C:\Users\n21dc\OneDrive\Tài liệu\SDK_1.0.3_NUCLEO-F401RE\lib_stm\libLibraries.a(stm32f401re_syscfg.o)

.debug_aranges  0x00000000      0x3a8
 .debug_aranges
                0x00000000       0x48 ./Src/Interrupt_Bai2.o
 .debug_aranges
                0x00000048       0x28 ./Startup/startup_stm32f401retx.o
 .debug_aranges
                0x00000070       0x30 C:\Users\n21dc\OneDrive\Tài liệu\SDK_1.0.3_NUCLEO-F401RE\lib_stm\libLibraries.a(system_stm32f4xx.o)
 .debug_aranges
                0x000000a0       0x40 C:\Users\n21dc\OneDrive\Tài liệu\SDK_1.0.3_NUCLEO-F401RE\lib_stm\libLibraries.a(misc.o)
 .debug_aranges
                0x000000e0       0x58 C:\Users\n21dc\OneDrive\Tài liệu\SDK_1.0.3_NUCLEO-F401RE\lib_stm\libLibraries.a(stm32f401re_exti.o)
 .debug_aranges
                0x00000138       0x88 C:\Users\n21dc\OneDrive\Tài liệu\SDK_1.0.3_NUCLEO-F401RE\lib_stm\libLibraries.a(stm32f401re_gpio.o)
 .debug_aranges
                0x000001c0      0x198 C:\Users\n21dc\OneDrive\Tài liệu\SDK_1.0.3_NUCLEO-F401RE\lib_stm\libLibraries.a(stm32f401re_rcc.o)
 .debug_aranges
                0x00000358       0x50 C:\Users\n21dc\OneDrive\Tài liệu\SDK_1.0.3_NUCLEO-F401RE\lib_stm\libLibraries.a(stm32f401re_syscfg.o)

.debug_rnglists
                0x00000000       0x4a
 .debug_rnglists
                0x00000000       0x31 ./Src/Interrupt_Bai2.o
 .debug_rnglists
                0x00000031       0x19 ./Startup/startup_stm32f401retx.o

.debug_macro    0x00000000     0xc847
 .debug_macro   0x00000000      0x11f ./Src/Interrupt_Bai2.o
 .debug_macro   0x0000011f      0xae4 ./Src/Interrupt_Bai2.o
 .debug_macro   0x00000c03       0x22 ./Src/Interrupt_Bai2.o
 .debug_macro   0x00000c25       0x8e ./Src/Interrupt_Bai2.o
 .debug_macro   0x00000cb3       0x51 ./Src/Interrupt_Bai2.o
 .debug_macro   0x00000d04      0x103 ./Src/Interrupt_Bai2.o
 .debug_macro   0x00000e07       0x6a ./Src/Interrupt_Bai2.o
 .debug_macro   0x00000e71      0x1df ./Src/Interrupt_Bai2.o
 .debug_macro   0x00001050       0x6b ./Src/Interrupt_Bai2.o
 .debug_macro   0x000010bb       0x3b ./Src/Interrupt_Bai2.o
 .debug_macro   0x000010f6       0x34 ./Src/Interrupt_Bai2.o
 .debug_macro   0x0000112a       0x26 ./Src/Interrupt_Bai2.o
 .debug_macro   0x00001150      0xe43 ./Src/Interrupt_Bai2.o
 .debug_macro   0x00001f93     0x8018 ./Src/Interrupt_Bai2.o
 .debug_macro   0x00009fab      0x644 ./Src/Interrupt_Bai2.o
 .debug_macro   0x0000a5ef      0x2f4 ./Src/Interrupt_Bai2.o
 .debug_macro   0x0000a8e3      0x10d ./Src/Interrupt_Bai2.o
 .debug_macro   0x0000a9f0       0xb6 ./Src/Interrupt_Bai2.o
 .debug_macro   0x0000aaa6       0x82 ./Src/Interrupt_Bai2.o
 .debug_macro   0x0000ab28       0xce C:\Users\n21dc\OneDrive\Tài liệu\SDK_1.0.3_NUCLEO-F401RE\lib_stm\libLibraries.a(system_stm32f4xx.o)
 .debug_macro   0x0000abf6      0xa66 C:\Users\n21dc\OneDrive\Tài liệu\SDK_1.0.3_NUCLEO-F401RE\lib_stm\libLibraries.a(system_stm32f4xx.o)
 .debug_macro   0x0000b65c       0x22 C:\Users\n21dc\OneDrive\Tài liệu\SDK_1.0.3_NUCLEO-F401RE\lib_stm\libLibraries.a(system_stm32f4xx.o)
 .debug_macro   0x0000b67e       0x8e C:\Users\n21dc\OneDrive\Tài liệu\SDK_1.0.3_NUCLEO-F401RE\lib_stm\libLibraries.a(system_stm32f4xx.o)
 .debug_macro   0x0000b70c       0xef C:\Users\n21dc\OneDrive\Tài liệu\SDK_1.0.3_NUCLEO-F401RE\lib_stm\libLibraries.a(system_stm32f4xx.o)
 .debug_macro   0x0000b7fb       0xc0 C:\Users\n21dc\OneDrive\Tài liệu\SDK_1.0.3_NUCLEO-F401RE\lib_stm\libLibraries.a(misc.o)
 .debug_macro   0x0000b8bb       0x7c C:\Users\n21dc\OneDrive\Tài liệu\SDK_1.0.3_NUCLEO-F401RE\lib_stm\libLibraries.a(misc.o)
 .debug_macro   0x0000b937       0xc0 C:\Users\n21dc\OneDrive\Tài liệu\SDK_1.0.3_NUCLEO-F401RE\lib_stm\libLibraries.a(stm32f401re_exti.o)
 .debug_macro   0x0000b9f7       0xb0 C:\Users\n21dc\OneDrive\Tài liệu\SDK_1.0.3_NUCLEO-F401RE\lib_stm\libLibraries.a(stm32f401re_exti.o)
 .debug_macro   0x0000baa7       0xc3 C:\Users\n21dc\OneDrive\Tài liệu\SDK_1.0.3_NUCLEO-F401RE\lib_stm\libLibraries.a(stm32f401re_gpio.o)
 .debug_macro   0x0000bb6a      0x2ee C:\Users\n21dc\OneDrive\Tài liệu\SDK_1.0.3_NUCLEO-F401RE\lib_stm\libLibraries.a(stm32f401re_gpio.o)
 .debug_macro   0x0000be58      0x64a C:\Users\n21dc\OneDrive\Tài liệu\SDK_1.0.3_NUCLEO-F401RE\lib_stm\libLibraries.a(stm32f401re_gpio.o)
 .debug_macro   0x0000c4a2      0x18d C:\Users\n21dc\OneDrive\Tài liệu\SDK_1.0.3_NUCLEO-F401RE\lib_stm\libLibraries.a(stm32f401re_rcc.o)
 .debug_macro   0x0000c62f      0x111 C:\Users\n21dc\OneDrive\Tài liệu\SDK_1.0.3_NUCLEO-F401RE\lib_stm\libLibraries.a(stm32f401re_syscfg.o)
 .debug_macro   0x0000c740      0x107 C:\Users\n21dc\OneDrive\Tài liệu\SDK_1.0.3_NUCLEO-F401RE\lib_stm\libLibraries.a(stm32f401re_syscfg.o)

.debug_line     0x00000000     0x2ac2
 .debug_line    0x00000000      0x696 ./Src/Interrupt_Bai2.o
 .debug_line    0x00000696       0x7b ./Startup/startup_stm32f401retx.o
 .debug_line    0x00000711      0x4a0 C:\Users\n21dc\OneDrive\Tài liệu\SDK_1.0.3_NUCLEO-F401RE\lib_stm\libLibraries.a(system_stm32f4xx.o)
 .debug_line    0x00000bb1      0x515 C:\Users\n21dc\OneDrive\Tài liệu\SDK_1.0.3_NUCLEO-F401RE\lib_stm\libLibraries.a(misc.o)
 .debug_line    0x000010c6      0x571 C:\Users\n21dc\OneDrive\Tài liệu\SDK_1.0.3_NUCLEO-F401RE\lib_stm\libLibraries.a(stm32f401re_exti.o)
 .debug_line    0x00001637      0x65e C:\Users\n21dc\OneDrive\Tài liệu\SDK_1.0.3_NUCLEO-F401RE\lib_stm\libLibraries.a(stm32f401re_gpio.o)
 .debug_line    0x00001c95      0x8d2 C:\Users\n21dc\OneDrive\Tài liệu\SDK_1.0.3_NUCLEO-F401RE\lib_stm\libLibraries.a(stm32f401re_rcc.o)
 .debug_line    0x00002567      0x55b C:\Users\n21dc\OneDrive\Tài liệu\SDK_1.0.3_NUCLEO-F401RE\lib_stm\libLibraries.a(stm32f401re_syscfg.o)

.debug_str      0x00000000    0x3dc53
 .debug_str     0x00000000    0x3dc53 ./Src/Interrupt_Bai2.o
                              0x3c389 (size before relaxing)
 .debug_str     0x0003dc53       0x7e ./Startup/startup_stm32f401retx.o
 .debug_str     0x0003dc53    0x3583e C:\Users\n21dc\OneDrive\Tài liệu\SDK_1.0.3_NUCLEO-F401RE\lib_stm\libLibraries.a(system_stm32f4xx.o)
 .debug_str     0x0003dc53    0x35d12 C:\Users\n21dc\OneDrive\Tài liệu\SDK_1.0.3_NUCLEO-F401RE\lib_stm\libLibraries.a(misc.o)
 .debug_str     0x0003dc53    0x35edf C:\Users\n21dc\OneDrive\Tài liệu\SDK_1.0.3_NUCLEO-F401RE\lib_stm\libLibraries.a(stm32f401re_exti.o)
 .debug_str     0x0003dc53    0x3a690 C:\Users\n21dc\OneDrive\Tài liệu\SDK_1.0.3_NUCLEO-F401RE\lib_stm\libLibraries.a(stm32f401re_gpio.o)
 .debug_str     0x0003dc53    0x39aa1 C:\Users\n21dc\OneDrive\Tài liệu\SDK_1.0.3_NUCLEO-F401RE\lib_stm\libLibraries.a(stm32f401re_rcc.o)
 .debug_str     0x0003dc53    0x39bb1 C:\Users\n21dc\OneDrive\Tài liệu\SDK_1.0.3_NUCLEO-F401RE\lib_stm\libLibraries.a(stm32f401re_syscfg.o)

.comment        0x00000000       0xbe
 .comment       0x00000000       0xbe ./Src/Interrupt_Bai2.o
                                 0x44 (size before relaxing)
 .comment       0x000000be       0x7c C:\Users\n21dc\OneDrive\Tài liệu\SDK_1.0.3_NUCLEO-F401RE\lib_stm\libLibraries.a(system_stm32f4xx.o)
 .comment       0x000000be       0x7c C:\Users\n21dc\OneDrive\Tài liệu\SDK_1.0.3_NUCLEO-F401RE\lib_stm\libLibraries.a(misc.o)
 .comment       0x000000be       0x7c C:\Users\n21dc\OneDrive\Tài liệu\SDK_1.0.3_NUCLEO-F401RE\lib_stm\libLibraries.a(stm32f401re_exti.o)
 .comment       0x000000be       0x7c C:\Users\n21dc\OneDrive\Tài liệu\SDK_1.0.3_NUCLEO-F401RE\lib_stm\libLibraries.a(stm32f401re_gpio.o)
 .comment       0x000000be       0x7c C:\Users\n21dc\OneDrive\Tài liệu\SDK_1.0.3_NUCLEO-F401RE\lib_stm\libLibraries.a(stm32f401re_rcc.o)
 .comment       0x000000be       0x7c C:\Users\n21dc\OneDrive\Tài liệu\SDK_1.0.3_NUCLEO-F401RE\lib_stm\libLibraries.a(stm32f401re_syscfg.o)

.debug_frame    0x00000000      0xe6c
 .debug_frame   0x00000000       0xe0 ./Src/Interrupt_Bai2.o
 .debug_frame   0x000000e0       0x74 C:\Users\n21dc\OneDrive\Tài liệu\SDK_1.0.3_NUCLEO-F401RE\lib_stm\libLibraries.a(system_stm32f4xx.o)
 .debug_frame   0x00000154       0xd8 C:\Users\n21dc\OneDrive\Tài liệu\SDK_1.0.3_NUCLEO-F401RE\lib_stm\libLibraries.a(misc.o)
 .debug_frame   0x0000022c      0x148 C:\Users\n21dc\OneDrive\Tài liệu\SDK_1.0.3_NUCLEO-F401RE\lib_stm\libLibraries.a(stm32f401re_exti.o)
 .debug_frame   0x00000374      0x23c C:\Users\n21dc\OneDrive\Tài liệu\SDK_1.0.3_NUCLEO-F401RE\lib_stm\libLibraries.a(stm32f401re_gpio.o)
 .debug_frame   0x000005b0      0x774 C:\Users\n21dc\OneDrive\Tài liệu\SDK_1.0.3_NUCLEO-F401RE\lib_stm\libLibraries.a(stm32f401re_rcc.o)
 .debug_frame   0x00000d24      0x11c C:\Users\n21dc\OneDrive\Tài liệu\SDK_1.0.3_NUCLEO-F401RE\lib_stm\libLibraries.a(stm32f401re_syscfg.o)
 .debug_frame   0x00000e40       0x2c C:/ST/STM32CubeIDE_1.18.0/STM32CubeIDE/plugins/com.st.stm32cube.ide.mcu.externaltools.gnu-tools-for-stm32.13.3.rel1.win32_1.0.0.202411081344/tools/bin/../lib/gcc/arm-none-eabi/13.3.1/../../../../arm-none-eabi/lib/thumb/v7e-m+fp/hard\libc_nano.a(libc_a-init.o)

.debug_line_str
                0x00000000       0x62
 .debug_line_str
                0x00000000       0x62 ./Startup/startup_stm32f401retx.o

.debug_ranges   0x00000000      0x2d8
 .debug_ranges  0x00000000       0x20 C:\Users\n21dc\OneDrive\Tài liệu\SDK_1.0.3_NUCLEO-F401RE\lib_stm\libLibraries.a(system_stm32f4xx.o)
 .debug_ranges  0x00000020       0x30 C:\Users\n21dc\OneDrive\Tài liệu\SDK_1.0.3_NUCLEO-F401RE\lib_stm\libLibraries.a(misc.o)
 .debug_ranges  0x00000050       0x48 C:\Users\n21dc\OneDrive\Tài liệu\SDK_1.0.3_NUCLEO-F401RE\lib_stm\libLibraries.a(stm32f401re_exti.o)
 .debug_ranges  0x00000098       0x78 C:\Users\n21dc\OneDrive\Tài liệu\SDK_1.0.3_NUCLEO-F401RE\lib_stm\libLibraries.a(stm32f401re_gpio.o)
 .debug_ranges  0x00000110      0x188 C:\Users\n21dc\OneDrive\Tài liệu\SDK_1.0.3_NUCLEO-F401RE\lib_stm\libLibraries.a(stm32f401re_rcc.o)
 .debug_ranges  0x00000298       0x40 C:\Users\n21dc\OneDrive\Tài liệu\SDK_1.0.3_NUCLEO-F401RE\lib_stm\libLibraries.a(stm32f401re_syscfg.o)
